python : 13:03:25  [ERROR]  app_detection [code.exe]: Failed to create session
At line:1 char:1
+ python test_app_monitor_v3.py > test_output.txt 2>&1
+ ~~~~~~~~~~~~~~~~~~~~~~~~~~~~~~~~~~~~~~~~~~~~~~~~~~~~
    + CategoryInfo          : NotSpecified: (13:03:25  [ERRO... create session 
   :String) [], RemoteException
    + FullyQualifiedErrorId : NativeCommandError
 
13:03:25  [ERROR]  app_detection [chrome.exe]: Invalid window title
13:03:25  [WARNING]  \u274c Supabase sync FAILED (attempt 1): 2 apps | 
Connection timeout
13:03:26  [INFO]  Supabase connected
13:03:26  [INFO]  AppMonitor v3.0 initialized | login=Zohaib | 
email=test@developer.com | session=61b0f6c1-dcf4-4357-8513-b201156a7578
13:03:26  [INFO]  \u2705 Features: VS Code, Chrome, browsers, Paint, Photos, 
all apps tracked
13:03:26  [INFO]  Supabase connected
13:03:26  [INFO]  AppMonitor v3.0 initialized | login=Zohaib | 
email=zohaib6511@gmail.com | session=becb101c-4a35-4193-848a-11834a8b641e
13:03:26  [INFO]  \u2705 Features: VS Code, Chrome, browsers, Paint, Photos, 
all apps tracked
13:03:26  [ERROR]  custom [test_app.exe]: Test error message
13:03:27  [INFO]  Supabase connected
13:03:27  [INFO]  AppMonitor v3.0 initialized | login=Zohaib | 
email=zohaib6511@gmail.com | session=fe90079c-76cf-48f4-aa4b-290a2d91ca2b
13:03:27  [INFO]  \u2705 Features: VS Code, Chrome, browsers, Paint, Photos, 
all apps tracked

======================================================================
  APP MONITOR v3.0 - COMPREHENSIVE TEST SUITE
======================================================================

======================================================================
  TEST 1: ErrorTracker Functionality
======================================================================

Γ£à Total errors logged: 2
Γ£à Failed apps: ['code.exe', 'chrome.exe']
Γ£à Supabase failures: 1

≡ƒôï Recent errors:
   - [app_detection] code.exe: Failed to create session
   - [app_detection] chrome.exe: Invalid window title

======================================================================
  TEST 2: AppMonitor v3.0 Initialization
======================================================================

Γ£à User Login: Zohaib
Γ£à User Email: test@developer.com
Γ£à Session ID: 61b0f6c1-dcf4-4357-8513-b201156a7578
Γ£à Supabase Available: True
Γ£à Error Tracker Initialized: True
Γ£à Method 'start' available
Γ£à Method 'stop' available
Γ£à Method 'live_apps' available
Γ£à Method 'get_summary' available
Γ£à Method 'get_session_summary' available
Γ£à Method 'get_current_apps' available
Γ£à Method 'get_error_summary' available
Γ£à Method 'log_custom_error' available
Γ£à Method 'get_track_status' available

======================================================================
  TEST 3: Priority App Detection
======================================================================

Checking priority app tracking support:
Γ£à code.exe             ΓåÆ Visual Studio Code
Γ£à vscode.exe           ΓåÆ Visual Studio Code
Γ£à chrome.exe           ΓåÆ Google Chrome
Γ£à firefox.exe          ΓåÆ Mozilla Firefox
Γ£à msedge.exe           ΓåÆ Microsoft Edge
Γ£à paint.exe            ΓåÆ Paint
Γ£à photos.exe           ΓåÆ Photos

======================================================================
  TEST 4: Data Validation
======================================================================

Γ£à Valid session created:
   - App: code.exe
   - Title: Project - VS Code
   - Start: 2026-02-21T13:03:26.086874
Γ£à Invalid sessions properly handled

======================================================================
  TEST 5: Error Handling Methods
======================================================================

Γ£à Custom error logging works
Γ£à Error summary retrieval works
   - Format: ['total_errors', 'failed_apps', 'supabase_failures', 'recent_errors']
Γ£à Track status retrieval works
   - Keys: ['running', 'active_apps', 'active_count', 'completed_count', 'error_summary', 'supabase_available', 'timestamp']

======================================================================
  TEST 6: API Compatibility
======================================================================

Γ£à get_session_summary() works (alias for get_summary)
Γ£à get_current_apps() works (alias for live_apps)

======================================================================
  TEST 7: Configuration & Constants
======================================================================

Γ£à POLL_INTERVAL: 2.0s (process scanning interval)
Γ£à AUTO_SAVE_SECS: 60.0s (Supabase sync interval)
Γ£à MAX_RETRIES: 3 attempts (for failed syncs)
Γ£à RETRY_BACKOFF: 2.0x multiplier (exponential backoff)
Γ£à All configuration values are valid

======================================================================
  TEST SUMMARY
======================================================================

Γ£à ErrorTracker Functionality
Γ£à AppMonitor Initialization
Γ£à Priority App Detection
Γ£à Data Validation
Γ£à Error Handling Methods
Γ£à API Compatibility
Γ£à Configuration & Constants

Total: 7/7 tests passed

≡ƒÄë ALL TESTS PASSED! App Monitor v3.0 is ready for production.
